[2025-07-28 11:31:52] [TRACE]   [OmnipathR] Reading JSON from `C:\Users\mpatr\AppData\Local\cache\OmnipathR/cache.json` (encoding: UTF-8).
[2025-07-28 11:31:52] [TRACE]   [OmnipathR] JSON validation successful: TRUE
[2025-07-28 11:31:52] [INFO]    [OmnipathR] Initialized cache: `C:\Users\mpatr\AppData\Local\cache\OmnipathR`.
[2025-07-28 11:31:52] [INFO]    [OmnipathR] Package `OmnipathR` packaged: 2025-04-16 02:45:43 UTC; biocbuild
[2025-07-28 11:31:52] [INFO]    [OmnipathR] Package `OmnipathR` date/publication: 2025-04-15
[2025-07-28 11:31:52] [INFO]    [OmnipathR] Package `OmnipathR` built: R 4.5.0; ; 2025-04-16 15:04:46 UTC; windows
[2025-07-28 11:31:52] [INFO]    [OmnipathR] Package `OmnipathR` version: 3.16.0
[2025-07-28 11:31:52] [INFO]    [OmnipathR] Package `OmnipathR` repository: Bioconductor 3.21
[2025-07-28 11:31:54] [INFO]    [OmnipathR] Session info: [version=R version 4.5.1 (2025-06-13 ucrt); os=Windows 11 x64 (build 26100); system=x86_64, mingw32; ui=RStudio; language=(EN); collate=English_United Kingdom.utf8; ctype=English_United Kingdom.utf8; tz=Europe/Lisbon; date=2025-07-28; rstudio=2025.05.1+513 Mariposa Orchid (desktop); pandoc=3.4 @ C:/Program Files/RStudio/resources/app/bin/quarto/bin/tools/ (via rmarkdown); quarto=ERROR: Unknown command "TMPDIR=C:/Users/mpatr/AppData/Local/Temp/RtmpUHxmik/file76a8689336d9". Did you mean command "preview"? @ C:\PROGRA~1\RStudio\RESOUR~1\app\bin\quarto\bin\quarto.exe]
[2025-07-28 11:31:54] [INFO]    [OmnipathR] External libraries: [cairo=1.18.4; cairoFT=; pango=; png=1.6.48; jpeg=9.6; tiff=LIBTIFF, Version 4.7.0; tcl=8.6.16; curl=8.13.0; zlib=1.3.1; bzlib=1.0.8, 13-Jul-2019; xz=5.8.1; deflate=1.24; PCRE=10.45 2025-02-05; ICU=77.1; TRE=TRE 0.8.0 R_fixes (BSD); iconv=win_iconv; readline=; BLAS=; lapack=; lapack_version=3.12.1]
[2025-07-28 11:31:54] [INFO]    [OmnipathR] Loaded packages: backports 1.5.0(2024-05-23); BiocManager 1.30.26(2025-06-05); bit 4.6.0(2025-03-06); bit64 4.6.0-1(2025-01-16); blob 1.2.4(2023-03-17); cachem 1.1.0(2024-05-16); cellranger 1.1.0(2016-07-27); checkmate 2.3.2(2024-07-29); cli 3.6.5(2025-04-23); crayon 1.5.3(2024-06-20); curl 6.4.0(2025-06-22); DBI 1.2.3(2024-06-02); digest 0.6.37(2024-08-19); dplyr 1.1.4(2023-11-17); evaluate 1.0.4(2025-06-18); fastmap 1.2.0(2024-05-15); fs 1.6.6(2025-04-12); generics 0.1.4(2025-05-09); glue 1.8.0(2024-09-30); hms 1.1.3(2023-03-21); htmltools 0.5.8.1(2024-04-04); httr 1.4.7(2023-08-15); httr2 1.2.1(2025-07-22); igraph 2.1.4(2025-01-23); jsonlite 2.0.0(2025-03-27); knitr 1.50(2025-03-16); later 1.4.2(2025-04-08); lifecycle 1.0.4(2023-11-07); logger 0.4.0(2024-10-22); lubridate 1.9.4(2024-12-08); magrittr 2.0.3(2022-03-30); memoise 2.0.1(2021-11-26); OmnipathR 3.16.0(2025-04-15); pillar 1.11.0(2025-07-04); pkgconfig 2.0.3(2019-09-22); prettyunits 1.2.0(2023-09-24); progress 1.2.3(2023-12-06); purrr 1.1.0(2025-07-10); R.methodsS3 1.8.2(2022-06-13); R.oo 1.27.1(2025-05-02); R.utils 2.13.0(2025-02-24); R6 2.6.1(2025-02-15); rappdirs 0.3.3(2021-01-31); Rcpp 1.1.0(2025-07-02); readr 2.1.5(2024-01-10); readxl 1.4.5(2025-03-07); rlang 1.1.6(2025-04-11); rmarkdown 2.29(2024-11-04); RSQLite 2.4.2(2025-07-18); rvest 1.0.4(2024-02-12); sessioninfo 1.2.3(2025-02-05); stringi 1.8.7(2025-03-27); stringr 1.5.1(2023-11-14); tibble 3.3.0(2025-06-08); tidyr 1.3.1(2024-01-24); tidyselect 1.2.1(2024-03-11); timechange 0.3.0(2024-01-18); tzdb 0.5.0(2025-03-15); vctrs 0.6.5(2023-12-01); withr 3.0.2(2024-10-28); xfun 0.52(2025-04-02); XML 3.99-0.18(2025-01-01); xml2 1.3.8(2025-03-14); yaml 2.3.10(2024-07-26); zip 2.3.3(2025-05-13)
[2025-07-28 11:31:54] [INFO]    [OmnipathR] CURL: version: 8.14.1; headers: 8.14.1; ssl_version: (OpenSSL/3.5.0) Schannel; libz_version: 1.3; libssh_version: libssh2/1.11.0; libidn_version: NA; host: x86_64-w64-mingw32; protocols: dict, file, ftp, ftps, gopher, gophers, http, https, imap, imaps, ldap, ldaps, mqtt, pop3, pop3s, rtsp, scp, sftp, smb, smbs, smtp, smtps, telnet, tftp, ws, wss; ipv6: TRUE; http2: TRUE; idn: TRUE; url_parser: TRUE
[2025-07-28 11:31:54] [TRACE]   [OmnipathR] Reading JSON from `C:/Users/mpatr/AppData/Local/R/win-library/4.5/OmnipathR/db/db_def.json` (encoding: UTF-8).
[2025-07-28 11:31:54] [TRACE]   [OmnipathR] JSON validation successful: TRUE
[2025-07-28 11:31:54] [TRACE]   [OmnipathR] Reading JSON from `C:/Users/mpatr/AppData/Local/R/win-library/4.5/OmnipathR/internal/magic_bytes.json` (encoding: UTF-8).
[2025-07-28 11:31:54] [TRACE]   [OmnipathR] JSON validation successful: TRUE
[2025-07-28 11:31:54] [TRACE]   [OmnipathR] Reading JSON from `C:/Users/mpatr/AppData/Local/R/win-library/4.5/OmnipathR/internal/urls.json` (encoding: UTF-8).
[2025-07-28 11:31:54] [TRACE]   [OmnipathR] JSON validation successful: TRUE
[2025-07-28 11:31:54] [TRACE]   [OmnipathR] Reading JSON from `C:/Users/mpatr/AppData/Local/R/win-library/4.5/OmnipathR/internal/id_types.json` (encoding: UTF-8).
[2025-07-28 11:31:54] [TRACE]   [OmnipathR] JSON validation successful: TRUE
[2025-07-28 11:36:29] [TRACE]   [OmnipathR] Reading JSON from `C:\Users\mpatr\AppData\Local\cache\OmnipathR/cache.json` (encoding: UTF-8).
[2025-07-28 11:36:29] [TRACE]   [OmnipathR] JSON validation successful: TRUE
[2025-07-28 11:36:29] [INFO]    [OmnipathR] Looking up in cache `https://inbio-discover.com/api/data/map_public/2016_09_12/inBio_Map_core_2016_09_12.tar.gz`: key=847e7466e5da49d3faa01dd6e09a5d5d79755ecf, no version available.
[2025-07-28 11:36:29] [TRACE]   [OmnipathR] Cache file path: NULL
[2025-07-28 11:37:40] [INFO]    [OmnipathR] Looking up in cache `https://inbio-discover.com/api/data/map_public/2016_09_12/inBio_Map_core_2016_09_12.tar.gz`: key=847e7466e5da49d3faa01dd6e09a5d5d79755ecf, no version available.
[2025-07-28 11:37:40] [TRACE]   [OmnipathR] Cache file path: NULL
[2025-07-28 11:40:34] [TRACE]   [OmnipathR] Processing args for OmniPath query
[2025-07-28 11:40:34] [TRACE]   [OmnipathR] Arguments for OmniPath query: [query_type=interactions]
[2025-07-28 11:40:34] [INFO]    [OmnipathR] Loading database `Ensembl and OMA organism names`.
[2025-07-28 11:40:34] [TRACE]   [OmnipathR] Reading JSON from `C:\Users\mpatr\AppData\Local\cache\OmnipathR/cache.json` (encoding: UTF-8).
[2025-07-28 11:40:34] [TRACE]   [OmnipathR] JSON validation successful: TRUE
[2025-07-28 11:40:34] [INFO]    [OmnipathR] Looking up in cache `https://www.ensembl.org/info/about/species.html`: key=7332486db7400730697234bad76ca0c8e4d00799, no version available.
[2025-07-28 11:40:34] [TRACE]   [OmnipathR] Reading JSON from `C:\Users\mpatr\AppData\Local\cache\OmnipathR/cache.json` (encoding: UTF-8).
[2025-07-28 11:40:35] [TRACE]   [OmnipathR] JSON validation successful: TRUE
[2025-07-28 11:40:35] [INFO]    [OmnipathR] Created new version for cache record 7332486db7400730697234bad76ca0c8e4d00799: version 1.
[2025-07-28 11:40:35] [TRACE]   [OmnipathR] Cache file path: C:\Users\mpatr\AppData\Local\cache\OmnipathR/7332486db7400730697234bad76ca0c8e4d00799-1.html
[2025-07-28 11:40:35] [INFO]    [OmnipathR] Retrieving URL: `https://www.ensembl.org/info/about/species.html`
[2025-07-28 11:40:35] [TRACE]   [OmnipathR] Downloading by `httr2` in `download_base`.
[2025-07-28 11:40:35] [TRACE]   [OmnipathR] Attempt 1/3: `https://www.ensembl.org/info/about/species.html`
[2025-07-28 11:40:35] [TRACE]   [OmnipathR] Preparing httr2 request to URL `https://www.ensembl.org/info/about/species.html`.
[2025-07-28 11:40:35] [TRACE]   [OmnipathR] HTTP headers: [User-Agent=Mozilla/5.0 (X11; Linux x86_64; rv:134.0) Gecko/20100101 Firefox/134.0]
[2025-07-28 11:40:35] [TRACE]   [OmnipathR] Curl options: [connecttimeout=10,timeout=300,debugfunction=<function>,verbose=FALSE,tcp_keepalive=TRUE,tcp_keepintvl=10,tcp_keepidle=10,tcp_keepcnt=13,upkeep_interval_ms=30000,ssl_verifypeer=1,ssl_verifyhost=2]
[2025-07-28 11:40:35] [TRACE]   [OmnipathR] HTTP headers: [User-Agent=Mozilla/5.0 (X11; Linux x86_64; rv:134.0) Gecko/20100101 Firefox/134.0]
[2025-07-28 11:40:35] [TRACE]   [OmnipathR] Sending HTTP request.
[2025-07-28 11:40:36] [TRACE]   [OmnipathR] HTTP 200 (OK)
[2025-07-28 11:40:36] [TRACE]   [OmnipathR] HTTP v1 GET: status 200.
[2025-07-28 11:40:36] [TRACE]   [OmnipathR] Downloaded 31 Kb in 0.638375s from www.ensembl.org (48.6 Kb/s); Redirect: 0s, DNS look up: 0.300322s, Connection: 0.336328s, Pretransfer: 0.382194s, First byte at: 0.589541s
[2025-07-28 11:40:36] [TRACE]   [OmnipathR] HTTP headers: HTTP/1.1 200 OK; Date: Mon, 28 Jul 2025 10:40:36 GMT; Content-Type: text/html; charset=utf-8; Content-Length: 31776; Connection: keep-alive; Server: Apache; Set-cookie: redirect_mirror=; path=/; expires=Mon, 01-Jan-2001 00:00:01 GMT; Set-cookie: redirect_mirror=no; path=/; expires=Tue, 29 Jul 2025 10:40:36 GMT; Set-cookie: ENSEMBL_HINX_SESSION=ee3329b46c8c913d08d2826f68d66da404e159d46a8a3a98d2e0936a; path=/; expires=Thu, 31-Dec-2037 23:59:59 GMT; HttpOnly; Set-cookie: redirect_mirror=; path=/; expires=Mon, 01-Jan-2001 00:00:01 GMT; Set-cookie: redirect_mirror=no; path=/; expires=Tue, 29 Jul 2025 10:40:36 GMT; Set-cookie: ENSEMBL_HINX_SESSION=ee3329b46c8c913d08d2826f68d66da404e159d46a8a3a98d2e0936a; path=/; expires=Thu, 31-Dec-2037 23:59:59 GMT; HttpOnly; Vary: Accept-Encoding; Content-Encoding: gzip; X-Frame-Options: SAMEORIGIN; Content-Security-Policy: frame-ancestors 'self'; X-NGINX-MACHINE: wp-p1m2-34.ebi.ac.uk
[2025-07-28 11:40:36] [TRACE]   [OmnipathR] Response headers: [Date=Mon, 28 Jul 2025 10:40:36 GMT,Content-Type=text/html; charset=utf-8,Content-Length=31776,Connection=keep-alive,Server=Apache,Set-cookie=redirect_mirror=; path=/; expires=Mon, 01-Jan-2001 00:00:01 GMT,Set-cookie=redirect_mirror=no; path=/; expires=Tue, 29 Jul 2025 10:40:36 GMT,Set-cookie=ENSEMBL_HINX_SESSION=ee3329b46c8c913d08d2826f68d66da404e159d46a8a3a98d2e0936a; path=/; expires=Thu, 31-Dec-2037 23:59:59 GMT; HttpOnly,Set-cookie=redirect_mirror=; path=/; expires=Mon, 01-Jan-2001 00:00:01 GMT,Set-cookie=redirect_mirror=no; path=/; expires=Tue, 29 Jul 2025 10:40:36 GMT,Set-cookie=ENSEMBL_HINX_SESSION=ee3329b46c8c913d08d2826f68d66da404e159d46a8a3a98d2e0936a; path=/; expires=Thu, 31-Dec-2037 23:59:59 GMT; HttpOnly,Vary=Accept-Encoding,Content-Encoding=gzip,X-Frame-Options=SAMEORIGIN,Content-Security-Policy=frame-ancestors 'self',X-NGINX-MACHINE=wp-p1m2-34.ebi.ac.uk]
[2025-07-28 11:40:37] [INFO]    [OmnipathR] Download ready [key=7332486db7400730697234bad76ca0c8e4d00799, version=1]
[2025-07-28 11:40:37] [TRACE]   [OmnipathR] Reading JSON from `C:\Users\mpatr\AppData\Local\cache\OmnipathR/cache.json` (encoding: UTF-8).
[2025-07-28 11:40:37] [TRACE]   [OmnipathR] JSON validation successful: TRUE
[2025-07-28 11:40:37] [INFO]    [OmnipathR] Cache item `7332486db7400730697234bad76ca0c8e4d00799` version 1: status changed from `unknown` to `ready`.
[2025-07-28 11:40:37] [TRACE]   [OmnipathR] Downloading by `generic_downloader`.
[2025-07-28 11:40:37] [TRACE]   [OmnipathR] Looking up in cache: `https://omabrowser.org/All/oma-species.txt`.
[2025-07-28 11:40:37] [INFO]    [OmnipathR] Cache record does not exist: `https://omabrowser.org/All/oma-species.txt`
[2025-07-28 11:40:37] [TRACE]   [OmnipathR] Could not find in cache, initiating download: `https://omabrowser.org/All/oma-species.txt`.
[2025-07-28 11:40:37] [TRACE]   [OmnipathR] Reading JSON from `C:\Users\mpatr\AppData\Local\cache\OmnipathR/cache.json` (encoding: UTF-8).
[2025-07-28 11:40:37] [TRACE]   [OmnipathR] JSON validation successful: TRUE
[2025-07-28 11:40:38] [TRACE]   [OmnipathR] Reading JSON from `C:\Users\mpatr\AppData\Local\cache\OmnipathR/cache.json` (encoding: UTF-8).
[2025-07-28 11:40:38] [TRACE]   [OmnipathR] JSON validation successful: TRUE
[2025-07-28 11:40:38] [INFO]    [OmnipathR] Cache item `30e690cbb55dfc63b5903ab337f34ffc2f4be397` version 1: status changed from `unknown` to `started`.
[2025-07-28 11:40:38] [TRACE]   [OmnipathR] Exporting object to RDS: `C:\Users\mpatr\AppData\Local\cache\OmnipathR/30e690cbb55dfc63b5903ab337f34ffc2f4be397-1.rds`.
[2025-07-28 11:40:38] [INFO]    [OmnipathR] Retrieving URL: `https://omabrowser.org/All/oma-species.txt`
[2025-07-28 11:40:38] [TRACE]   [OmnipathR] Attempt 1/3: `https://omabrowser.org/All/oma-species.txt`
[2025-07-28 11:40:38] [TRACE]   [OmnipathR] HTTP request by `omnipath_curl`.
[2025-07-28 11:40:38] [TRACE]   [OmnipathR] Curl options: [connecttimeout=10,timeout=300,debugfunction=<function>,verbose=FALSE,tcp_keepalive=TRUE,tcp_keepintvl=10,tcp_keepidle=10,tcp_keepcnt=13,upkeep_interval_ms=30000,ssl_verifypeer=1,ssl_verifyhost=2]
[2025-07-28 11:40:39] [TRACE]   [OmnipathR] HTTP v2 GET: status 200.
[2025-07-28 11:40:39] [TRACE]   [OmnipathR] Downloaded 30.8 Kb in 1.309424s from omabrowser.org (23.5 Kb/s); Redirect: 0s, DNS look up: 0.376561s, Connection: 0.713465s, Pretransfer: 1.018076s, First byte at: 1.308817s
[2025-07-28 11:40:39] [TRACE]   [OmnipathR] HTTP headers: HTTP/2 200 ; date: Mon, 28 Jul 2025 10:40:39 GMT; server: nginx; strict-transport-security: max-age=31536000; includeSubDomains; content-type: text/plain; charset=UTF-8; last-modified: Wed, 20 Nov 2024 10:20:02 GMT; etag: W/"673db7d2-6517f"; access-control-allow-origin: *; content-encoding: gzip
[2025-07-28 11:40:40] [TRACE]   [OmnipathR] Exported RDS to `C:\Users\mpatr\AppData\Local\cache\OmnipathR/30e690cbb55dfc63b5903ab337f34ffc2f4be397-1.rds`.
[2025-07-28 11:40:40] [INFO]    [OmnipathR] Download ready [key=30e690cbb55dfc63b5903ab337f34ffc2f4be397, version=1]
[2025-07-28 11:40:40] [TRACE]   [OmnipathR] Reading JSON from `C:\Users\mpatr\AppData\Local\cache\OmnipathR/cache.json` (encoding: UTF-8).
[2025-07-28 11:40:40] [TRACE]   [OmnipathR] JSON validation successful: TRUE
[2025-07-28 11:40:40] [INFO]    [OmnipathR] Cache item `30e690cbb55dfc63b5903ab337f34ffc2f4be397` version 1: status changed from `started` to `ready`.
[2025-07-28 11:40:40] [INFO]    [OmnipathR] Loaded database `Ensembl and OMA organism names`.
[2025-07-28 11:40:40] [TRACE]   [OmnipathR] Organism(s): 9606
[2025-07-28 11:40:40] [TRACE]   [OmnipathR] Orthology targets: 
[2025-07-28 11:40:40] [TRACE]   [OmnipathR] Looking up in cache: `https://omnipathdb.org/interactions?genesymbols=yes&datasets=omnipath&organisms=9606&fields=sources,references,curation_effort&license=academic`
[2025-07-28 11:40:40] [INFO]    [OmnipathR] Cache record does not exist: `https://omnipathdb.org/interactions?genesymbols=yes&datasets=omnipath&organisms=9606&fields=sources,references,curation_effort&license=academic`
[2025-07-28 11:40:40] [TRACE]   [OmnipathR] Looking up in cache: `http://no-tls.omnipathdb.org/interactions?genesymbols=yes&datasets=omnipath&organisms=9606&fields=sources,references,curation_effort&license=academic`
[2025-07-28 11:40:40] [INFO]    [OmnipathR] Cache record does not exist: `http://no-tls.omnipathdb.org/interactions?genesymbols=yes&datasets=omnipath&organisms=9606&fields=sources,references,curation_effort&license=academic`
[2025-07-28 11:40:40] [TRACE]   [OmnipathR] Attempting `https://omnipathdb.org/interactions?genesymbols=yes&datasets=omnipath&organisms=9606&fields=sources,references,curation_effort&license=academic`
[2025-07-28 11:40:40] [INFO]    [OmnipathR] Retrieving URL: `https://omnipathdb.org/interactions?genesymbols=yes&datasets=omnipath&organisms=9606&fields=sources,references,curation_effort&license=academic`
[2025-07-28 11:40:40] [TRACE]   [OmnipathR] Attempt 1/3: `https://omnipathdb.org/interactions?genesymbols=yes&datasets=omnipath&organisms=9606&fields=sources,references,curation_effort&license=academic`
[2025-07-28 11:40:40] [TRACE]   [OmnipathR] HTTP request by `omnipath_curl`.
[2025-07-28 11:40:40] [TRACE]   [OmnipathR] Curl options: [connecttimeout=10,timeout=300,debugfunction=<function>,verbose=FALSE,tcp_keepalive=TRUE,tcp_keepintvl=10,tcp_keepidle=10,tcp_keepcnt=13,upkeep_interval_ms=30000,ssl_verifypeer=1,ssl_verifyhost=2]
[2025-07-28 11:40:41] [TRACE]   [OmnipathR] HTTP v1 GET: status 200.
[2025-07-28 11:40:41] [TRACE]   [OmnipathR] Downloaded 15.7 Kb in 0.563125s from omnipathdb.org (27.8 Kb/s); Redirect: 0s, DNS look up: 0.14288s, Connection: 0.179435s, Pretransfer: 0.483767s, First byte at: 0.562703s
[2025-07-28 11:40:41] [TRACE]   [OmnipathR] HTTP headers: HTTP/1.1 200 OK; Server: nginx; Date: Mon, 28 Jul 2025 10:40:41 GMT; Content-Type: text/plain; charset=utf-8; Transfer-Encoding: chunked; Connection: keep-alive; Cache-Control: max-age=3600; Access-Control-Allow-Origin: *; Expires: Mon, 28 Jul 2025 11:40:41 GMT; Cache-Control: public; X-Frame-Options: DENY; Content-Encoding: gzip
[2025-07-28 11:40:42] [INFO]    [OmnipathR] Successfully retrieved: `https://omnipathdb.org/interactions?genesymbols=yes&datasets=omnipath&organisms=9606&fields=sources,references,curation_effort&license=academic`
[2025-07-28 11:40:42] [TRACE]   [OmnipathR] Reading JSON from `C:\Users\mpatr\AppData\Local\cache\OmnipathR/cache.json` (encoding: UTF-8).
[2025-07-28 11:40:42] [TRACE]   [OmnipathR] JSON validation successful: TRUE
[2025-07-28 11:40:42] [TRACE]   [OmnipathR] Reading JSON from `C:\Users\mpatr\AppData\Local\cache\OmnipathR/cache.json` (encoding: UTF-8).
[2025-07-28 11:40:42] [TRACE]   [OmnipathR] JSON validation successful: TRUE
[2025-07-28 11:40:42] [INFO]    [OmnipathR] Cache item `a7b21d9d80a3837a50268df16d168128fc1c6ede` version 1: status changed from `unknown` to `started`.
[2025-07-28 11:40:42] [TRACE]   [OmnipathR] Exporting object to RDS: `C:\Users\mpatr\AppData\Local\cache\OmnipathR/a7b21d9d80a3837a50268df16d168128fc1c6ede-1.rds`.
[2025-07-28 11:40:44] [TRACE]   [OmnipathR] Exported RDS to `C:\Users\mpatr\AppData\Local\cache\OmnipathR/a7b21d9d80a3837a50268df16d168128fc1c6ede-1.rds`.
[2025-07-28 11:40:44] [INFO]    [OmnipathR] Download ready [key=a7b21d9d80a3837a50268df16d168128fc1c6ede, version=1]
[2025-07-28 11:40:44] [TRACE]   [OmnipathR] Reading JSON from `C:\Users\mpatr\AppData\Local\cache\OmnipathR/cache.json` (encoding: UTF-8).
[2025-07-28 11:40:44] [TRACE]   [OmnipathR] JSON validation successful: TRUE
[2025-07-28 11:40:44] [INFO]    [OmnipathR] Cache item `a7b21d9d80a3837a50268df16d168128fc1c6ede` version 1: status changed from `started` to `ready`.
[2025-07-28 11:40:46] [SUCCESS] [OmnipathR] Downloaded 81529 interactions.
